app/dashboard/driver/page.tsx(132,76): error TS2339: Property 'requestId' does not exist on type 'EmergencyRequest'.
app/dashboard/driver/page.tsx(154,72): error TS2339: Property 'requestId' does not exist on type 'EmergencyRequest'.
app/sos/page.tsx(194,52): error TS18047: 'request' is possibly 'null'.
models/Ambulance.ts(3,18): error TS2430: Interface 'Ambulance' incorrectly extends interface 'Document<ObjectId, any, any, Record<string, any>, {}>'.
  Types of property '_id' are incompatible.
    Type 'string' is not assignable to type 'ObjectId'.
models/EmergencyRequest.ts(3,18): error TS2430: Interface 'EmergencyRequest' incorrectly extends interface 'Document<ObjectId, any, any, Record<string, any>, {}>'.
  Types of property '_id' are incompatible.
    Type 'string' is not assignable to type 'ObjectId'.
models/EmergencyRequest.ts(92,31): error TS2552: Cannot find name 'IEmergencyRequest'. Did you mean 'EmergencyRequest'?
models/EmergencyRequest.ts(94,20): error TS2552: Cannot find name 'IEmergencyRequest'. Did you mean 'EmergencyRequest'?
models/Hospital.ts(3,18): error TS2430: Interface 'IHospital' incorrectly extends interface 'Document<ObjectId, any, any, Record<string, any>, {}>'.
  Types of property '_id' are incompatible.
    Type 'string' is not assignable to type 'ObjectId'.
models/User.ts(3,18): error TS2430: Interface 'User' incorrectly extends interface 'Document<ObjectId, any, any, Record<string, any>, {}>'.
  Types of property '_id' are incompatible.
    Type 'string' is not assignable to type 'ObjectId'.
